
> tool-site@0.1.0 build
> next build

Ôû▓ Next.js 16.1.6 (Turbopack)
- Environments: .env.local

  Creating an optimized production build ...
Ô£ô Compiled successfully in 36.5s
  Running TypeScript ...
  Collecting page data using 3 workers ...
  Generating static pages using 3 workers (0/60) ...
  Generating static pages using 3 workers (15/60) 
  Generating static pages using 3 workers (30/60) 
  Generating static pages using 3 workers (45/60) 
Ô£ô Generating static pages using 3 workers (60/60) in 7.5s
  Finalizing page optimization ...

Route (app)
Ôöî Ôùï /
Ôö£ Ôùï /_not-found
Ôö£ Ôùï /about
Ôö£ Ôùï /ai-jobs-pakistan
Ôö£ ãÆ /api/analyze-resume
Ôö£ Ôùï /backend-jobs
Ôö£ Ôùï /contact
Ôö£ Ôùï /courses
Ôö£ ÔùÅ /courses/[slug]
Ôöé Ôö£ /courses/mern-stack-development
Ôöé Ôö£ /courses/python-ai-machine-learning
Ôöé Ôö£ /courses/react-native-mobile-development
Ôöé Ôöö [+3 more paths]
Ôö£ Ôùï /devops-jobs-pakistan
Ôö£ Ôùï /fresh-graduate-it-jobs
Ôö£ Ôùï /frontend-jobs
Ôö£ Ôùï /icon.png
Ôö£ Ôùï /internships-pakistan
Ôö£ Ôùï /jobs
Ôö£ Ôùï /jobs-in-islamabad
Ôö£ Ôùï /jobs-in-karachi
Ôö£ Ôùï /jobs-in-lahore
Ôö£ ãÆ /jobs/[slug]
Ôö£ Ôùï /mern-jobs-pakistan
Ôö£ Ôùï /nodejs-jobs-pakistan
Ôö£ Ôùï /privacy
Ôö£ Ôùï /react-jobs-pakistan
Ôö£ Ôùï /remote-jobs
Ôö£ Ôùï /resources
Ôö£ ÔùÅ /resources/[slug]
Ôöé Ôö£ /resources/how-to-become-mern-developer-pakistan
Ôöé Ôö£ /resources/skills-to-earn-200k-salary-pakistan
Ôöé Ôö£ /resources/internship-guide-tech-pakistan
Ôöé Ôöö /resources/salary-negotiation-tips-pakistan
Ôö£ Ôùï /resources/cracking-the-technical-interview-pakistan
Ôö£ Ôùï /resources/frontend-vs-backend-salary-pakistan
Ôö£ Ôùï /resources/highest-paying-it-jobs-pakistan
Ôö£ Ôùï /resources/how-to-land-remote-dev-job-us-companies
Ôö£ Ôùï /resources/react-vs-angular-pakistan-2026
Ôö£ Ôùï /resources/top-10-software-houses-lahore-2026
Ôö£ Ôùï /resources/top-programming-languages-pakistan-2026
Ôö£ Ôùï /robots.txt
Ôö£ Ôùï /salaries
Ôö£ ÔùÅ /salary/[slug]
Ôöé Ôö£ /salary/mern-developer-salary-pakistan
Ôöé Ôö£ /salary/react-developer-salary-lahore
Ôöé Ôö£ /salary/backend-developer-salary-karachi
Ôöé Ôöö [+7 more paths]
Ôö£ Ôùï /sitemap.xml
Ôö£ Ôùï /terms
Ôö£ Ôùï /tools
Ôö£ Ôùï /tools/freelance-rate-calculator
Ôö£ Ôùï /tools/resume-strength-checker
Ôö£ Ôùï /tools/salary-after-tax-calculator
Ôöö Ôùï /tools/salary-comparison-tool


Ôùï  (Static)   prerendered as static content
ÔùÅ  (SSG)      prerendered as static HTML (uses generateStaticParams)
ãÆ  (Dynamic)  server-rendered on demand

